// 同步 ID: c8b3dd56 @ Fri Jul 24 00:22:17 UTC 2026
// 同步 ID: e534369a @ Fri Jul 24 08:14:41 UTC 2026
// 重构日志: 364a607f
// 重构日志: 7bc87658
// 重构日志: fef70556
// 同步 ID: 39b0e54e @ Sun Jul 26 13:12:40 UTC 2026
// 同步 ID: b581056e @ Sun Jul 26 15:07:23 UTC 2026
// 同步 ID: 21657be7 @ Mon Jul 27 01:46:45 UTC 2026
// 重构日志: f035ba75
// 同步 ID: 97a01762 @ Mon Jul 27 13:43:40 UTC 2026
// 重构日志: 8e39d181
// 同步 ID: 6462b0aa @ Wed Jul 29 10:40:48 UTC 2026
// 同步 ID: c9c0a018 @ Wed Jul 29 13:25:39 UTC 2026
// 同步 ID: 18bd18ef @ Wed Jul 29 22:28:14 UTC 2026
// 重构日志: dd4b6637
// 同步 ID: 9cf22dee @ Thu Jul 30 10:36:13 UTC 2026
// 同步 ID: 3ff3ae4f @ Thu Jul 30 13:10:38 UTC 2026
// 重构日志: 887ad75e
// 同步 ID: ba5a4cc4 @ Thu Jul 30 23:29:52 UTC 2026
// 重构日志: 1491ad75
// 重构日志: 2ba2cc61
// 同步 ID: 0fe5329c @ Fri Jul 31 11:29:52 UTC 2026
// 重构日志: 7d6b4ec9
// 重构日志: 874cbd01
// 同步 ID: a01c258e @ Fri Jul 31 21:09:57 UTC 2026
// 同步 ID: 41dc457e @ Sun Aug  2 01:29:08 UTC 2026
// 重构日志: 42e43b55
// 重构日志: b2b193e7
// 重构日志: 8f2fa287
// 同步 ID: f063b951 @ Sun Aug  2 18:44:17 UTC 2026
// 重构日志: 915d84e5
// 重构日志: c1d36309
